Classic Timing Analyzer report for bcd
Thu Mar 16 11:09:48 2017
Quartus II Version 9.0 Build 235 06/17/2009 Service Pack 2 SJ Web Edition


---------------------
; Table of Contents ;
---------------------
  1. Legal Notice
  2. Timing Analyzer Summary
  3. Timing Analyzer Settings
  4. Clock Settings Summary
  5. Parallel Compilation
  6. Clock Setup: 'Clock'
  7. tco
  8. Timing Analyzer Messages



----------------
; Legal Notice ;
----------------
Copyright (C) 1991-2009 Altera Corporation
Your use of Altera Corporation's design tools, logic functions 
and other software and tools, and its AMPP partner logic 
functions, and any output files from any of the foregoing 
(including device programming or simulation files), and any 
associated documentation or information are expressly subject 
to the terms and conditions of the Altera Program License 
Subscription Agreement, Altera MegaCore Function License 
Agreement, or other applicable license agreement, including, 
without limitation, that your use is for the sole purpose of 
programming logic devices manufactured by Altera and sold by 
Altera or its authorized distributors.  Please refer to the 
applicable agreement for further details.



+------------------------------------------------------------------------------------------------------------------------------------------------------------------------------------------------------+
; Timing Analyzer Summary                                                                                                                                                                              ;
+------------------------------+-------+---------------+------------------------------------------------+---------------------------+---------------------------+------------+----------+--------------+
; Type                         ; Slack ; Required Time ; Actual Time                                    ; From                      ; To                        ; From Clock ; To Clock ; Failed Paths ;
+------------------------------+-------+---------------+------------------------------------------------+---------------------------+---------------------------+------------+----------+--------------+
; Worst-case tco               ; N/A   ; None          ; 7.456 ns                                       ; 74163:inst|f74163:sub|122 ; e                         ; Clock      ; --       ; 0            ;
; Clock Setup: 'Clock'         ; N/A   ; None          ; Restricted to 500.00 MHz ( period = 2.000 ns ) ; 74163:inst|f74163:sub|134 ; 74163:inst|f74163:sub|122 ; Clock      ; Clock    ; 0            ;
; Total number of failed paths ;       ;               ;                                                ;                           ;                           ;            ;          ; 0            ;
+------------------------------+-------+---------------+------------------------------------------------+---------------------------+---------------------------+------------+----------+--------------+


+--------------------------------------------------------------------------------------------------------------------+
; Timing Analyzer Settings                                                                                           ;
+---------------------------------------------------------------------+--------------------+------+----+-------------+
; Option                                                              ; Setting            ; From ; To ; Entity Name ;
+---------------------------------------------------------------------+--------------------+------+----+-------------+
; Device Name                                                         ; EP2S15F484C3       ;      ;    ;             ;
; Timing Models                                                       ; Final              ;      ;    ;             ;
; Default hold multicycle                                             ; Same as Multicycle ;      ;    ;             ;
; Cut paths between unrelated clock domains                           ; On                 ;      ;    ;             ;
; Cut off read during write signal paths                              ; On                 ;      ;    ;             ;
; Cut off feedback from I/O pins                                      ; On                 ;      ;    ;             ;
; Report Combined Fast/Slow Timing                                    ; Off                ;      ;    ;             ;
; Ignore Clock Settings                                               ; Off                ;      ;    ;             ;
; Analyze latches as synchronous elements                             ; On                 ;      ;    ;             ;
; Enable Recovery/Removal analysis                                    ; Off                ;      ;    ;             ;
; Enable Clock Latency                                                ; Off                ;      ;    ;             ;
; Use TimeQuest Timing Analyzer                                       ; Off                ;      ;    ;             ;
; Number of source nodes to report per destination node               ; 10                 ;      ;    ;             ;
; Number of destination nodes to report                               ; 10                 ;      ;    ;             ;
; Number of paths to report                                           ; 200                ;      ;    ;             ;
; Report Minimum Timing Checks                                        ; Off                ;      ;    ;             ;
; Use Fast Timing Models                                              ; Off                ;      ;    ;             ;
; Report IO Paths Separately                                          ; Off                ;      ;    ;             ;
; Perform Multicorner Analysis                                        ; On                 ;      ;    ;             ;
; Reports the worst-case path for each clock domain and analysis      ; Off                ;      ;    ;             ;
; Removes common clock path pessimism (CCPP) during slack computation ; Off                ;      ;    ;             ;
; Output I/O Timing Endpoint                                          ; Near End           ;      ;    ;             ;
+---------------------------------------------------------------------+--------------------+------+----+-------------+


+------------------------------------------------------------------------------------------------------------------------------------------------------------------------------------+
; Clock Settings Summary                                                                                                                                                             ;
+-----------------+--------------------+----------+------------------+---------------+--------------+----------+-----------------------+---------------------+--------+--------------+
; Clock Node Name ; Clock Setting Name ; Type     ; Fmax Requirement ; Early Latency ; Late Latency ; Based on ; Multiply Base Fmax by ; Divide Base Fmax by ; Offset ; Phase offset ;
+-----------------+--------------------+----------+------------------+---------------+--------------+----------+-----------------------+---------------------+--------+--------------+
; Clock           ;                    ; User Pin ; None             ; 0.000 ns      ; 0.000 ns     ; --       ; N/A                   ; N/A                 ; N/A    ;              ;
+-----------------+--------------------+----------+------------------+---------------+--------------+----------+-----------------------+---------------------+--------+--------------+


Parallel compilation was disabled, but you have multiple processors available. Enable parallel compilation to reduce compilation time.
+-------------------------------------+
; Parallel Compilation                ;
+----------------------------+--------+
; Processors                 ; Number ;
+----------------------------+--------+
; Number detected on machine ; 4      ;
; Maximum allowed            ; 1      ;
+----------------------------+--------+


+----------------------------------------------------------------------------------------------------------------------------------------------------------------------------------------------------------------------------+
; Clock Setup: 'Clock'                                                                                                                                                                                                       ;
+-------+------------------------------------------------+---------------------------+---------------------------+------------+----------+-----------------------------+---------------------------+-------------------------+
; Slack ; Actual fmax (period)                           ; From                      ; To                        ; From Clock ; To Clock ; Required Setup Relationship ; Required Longest P2P Time ; Actual Longest P2P Time ;
+-------+------------------------------------------------+---------------------------+---------------------------+------------+----------+-----------------------------+---------------------------+-------------------------+
; N/A   ; Restricted to 500.00 MHz ( period = 2.000 ns ) ; 74163:inst|f74163:sub|134 ; 74163:inst|f74163:sub|122 ; Clock      ; Clock    ; None                        ; None                      ; 0.802 ns                ;
; N/A   ; Restricted to 500.00 MHz ( period = 2.000 ns ) ; 74163:inst|f74163:sub|122 ; 74163:inst|f74163:sub|134 ; Clock      ; Clock    ; None                        ; None                      ; 0.762 ns                ;
; N/A   ; Restricted to 500.00 MHz ( period = 2.000 ns ) ; 74163:inst|f74163:sub|134 ; 74163:inst|f74163:sub|111 ; Clock      ; Clock    ; None                        ; None                      ; 0.666 ns                ;
; N/A   ; Restricted to 500.00 MHz ( period = 2.000 ns ) ; 74163:inst|f74163:sub|34  ; 74163:inst|f74163:sub|122 ; Clock      ; Clock    ; None                        ; None                      ; 0.653 ns                ;
; N/A   ; Restricted to 500.00 MHz ( period = 2.000 ns ) ; 74163:inst|f74163:sub|111 ; 74163:inst|f74163:sub|134 ; Clock      ; Clock    ; None                        ; None                      ; 0.645 ns                ;
; N/A   ; Restricted to 500.00 MHz ( period = 2.000 ns ) ; 74163:inst|f74163:sub|34  ; 74163:inst|f74163:sub|34  ; Clock      ; Clock    ; None                        ; None                      ; 0.488 ns                ;
; N/A   ; Restricted to 500.00 MHz ( period = 2.000 ns ) ; 74163:inst|f74163:sub|122 ; 74163:inst|f74163:sub|122 ; Clock      ; Clock    ; None                        ; None                      ; 0.488 ns                ;
; N/A   ; Restricted to 500.00 MHz ( period = 2.000 ns ) ; 74163:inst|f74163:sub|134 ; 74163:inst|f74163:sub|134 ; Clock      ; Clock    ; None                        ; None                      ; 0.488 ns                ;
; N/A   ; Restricted to 500.00 MHz ( period = 2.000 ns ) ; 74163:inst|f74163:sub|111 ; 74163:inst|f74163:sub|111 ; Clock      ; Clock    ; None                        ; None                      ; 0.488 ns                ;
; N/A   ; Restricted to 500.00 MHz ( period = 2.000 ns ) ; 74163:inst|f74163:sub|111 ; 74163:inst|f74163:sub|122 ; Clock      ; Clock    ; None                        ; None                      ; 0.439 ns                ;
; N/A   ; Restricted to 500.00 MHz ( period = 2.000 ns ) ; 74163:inst|f74163:sub|34  ; 74163:inst|f74163:sub|134 ; Clock      ; Clock    ; None                        ; None                      ; 0.439 ns                ;
; N/A   ; Restricted to 500.00 MHz ( period = 2.000 ns ) ; 74163:inst|f74163:sub|34  ; 74163:inst|f74163:sub|111 ; Clock      ; Clock    ; None                        ; None                      ; 0.435 ns                ;
+-------+------------------------------------------------+---------------------------+---------------------------+------------+----------+-----------------------------+---------------------------+-------------------------+


+---------------------------------------------------------------------------------+
; tco                                                                             ;
+-------+--------------+------------+---------------------------+----+------------+
; Slack ; Required tco ; Actual tco ; From                      ; To ; From Clock ;
+-------+--------------+------------+---------------------------+----+------------+
; N/A   ; None         ; 7.456 ns   ; 74163:inst|f74163:sub|122 ; e  ; Clock      ;
; N/A   ; None         ; 7.454 ns   ; 74163:inst|f74163:sub|111 ; d  ; Clock      ;
; N/A   ; None         ; 7.428 ns   ; 74163:inst|f74163:sub|111 ; e  ; Clock      ;
; N/A   ; None         ; 7.422 ns   ; 74163:inst|f74163:sub|111 ; f  ; Clock      ;
; N/A   ; None         ; 7.292 ns   ; 74163:inst|f74163:sub|34  ; e  ; Clock      ;
; N/A   ; None         ; 7.282 ns   ; 74163:inst|f74163:sub|134 ; c  ; Clock      ;
; N/A   ; None         ; 7.120 ns   ; 74163:inst|f74163:sub|34  ; d  ; Clock      ;
; N/A   ; None         ; 7.107 ns   ; 74163:inst|f74163:sub|34  ; c  ; Clock      ;
; N/A   ; None         ; 7.090 ns   ; 74163:inst|f74163:sub|122 ; f  ; Clock      ;
; N/A   ; None         ; 7.085 ns   ; 74163:inst|f74163:sub|34  ; f  ; Clock      ;
; N/A   ; None         ; 7.075 ns   ; 74163:inst|f74163:sub|122 ; d  ; Clock      ;
; N/A   ; None         ; 6.985 ns   ; 74163:inst|f74163:sub|122 ; c  ; Clock      ;
; N/A   ; None         ; 6.983 ns   ; 74163:inst|f74163:sub|122 ; a  ; Clock      ;
; N/A   ; None         ; 6.963 ns   ; 74163:inst|f74163:sub|134 ; f  ; Clock      ;
; N/A   ; None         ; 6.922 ns   ; 74163:inst|f74163:sub|111 ; c  ; Clock      ;
; N/A   ; None         ; 6.795 ns   ; 74163:inst|f74163:sub|34  ; a  ; Clock      ;
; N/A   ; None         ; 6.739 ns   ; 74163:inst|f74163:sub|134 ; a  ; Clock      ;
; N/A   ; None         ; 6.735 ns   ; 74163:inst|f74163:sub|122 ; b  ; Clock      ;
; N/A   ; None         ; 6.675 ns   ; 74163:inst|f74163:sub|111 ; g  ; Clock      ;
; N/A   ; None         ; 6.606 ns   ; 74163:inst|f74163:sub|134 ; b  ; Clock      ;
; N/A   ; None         ; 6.545 ns   ; 74163:inst|f74163:sub|111 ; b  ; Clock      ;
; N/A   ; None         ; 6.522 ns   ; 74163:inst|f74163:sub|34  ; b  ; Clock      ;
; N/A   ; None         ; 6.504 ns   ; 74163:inst|f74163:sub|111 ; a  ; Clock      ;
; N/A   ; None         ; 6.471 ns   ; 74163:inst|f74163:sub|34  ; g  ; Clock      ;
; N/A   ; None         ; 6.332 ns   ; 74163:inst|f74163:sub|122 ; g  ; Clock      ;
; N/A   ; None         ; 6.219 ns   ; 74163:inst|f74163:sub|134 ; g  ; Clock      ;
+-------+--------------+------------+---------------------------+----+------------+


+--------------------------+
; Timing Analyzer Messages ;
+--------------------------+
Info: *******************************************************************
Info: Running Quartus II Classic Timing Analyzer
    Info: Version 9.0 Build 235 06/17/2009 Service Pack 2 SJ Web Edition
    Info: Processing started: Thu Mar 16 11:09:48 2017
Info: Command: quartus_tan --read_settings_files=off --write_settings_files=off bcd -c bcd --timing_analysis_only
Warning: Found pins functioning as undefined clocks and/or memory enables
    Info: Assuming node "Clock" is an undefined clock
Info: Clock "Clock" Internal fmax is restricted to 500.0 MHz between source register "74163:inst|f74163:sub|134" and destination register "74163:inst|f74163:sub|122"
    Info: fmax restricted to clock pin edge rate 2.0 ns. Expand message to see actual delay path.
        Info: + Longest register to register delay is 0.802 ns
            Info: 1: + IC(0.000 ns) + CELL(0.000 ns) = 0.000 ns; Loc. = LCFF_X22_Y20_N29; Fanout = 8; REG Node = '74163:inst|f74163:sub|134'
            Info: 2: + IC(0.301 ns) + CELL(0.346 ns) = 0.647 ns; Loc. = LCCOMB_X22_Y20_N4; Fanout = 1; COMB Node = '74163:inst|f74163:sub|121~0'
            Info: 3: + IC(0.000 ns) + CELL(0.155 ns) = 0.802 ns; Loc. = LCFF_X22_Y20_N5; Fanout = 9; REG Node = '74163:inst|f74163:sub|122'
            Info: Total cell delay = 0.501 ns ( 62.47 % )
            Info: Total interconnect delay = 0.301 ns ( 37.53 % )
        Info: - Smallest clock skew is 0.000 ns
            Info: + Shortest clock path from clock "Clock" to destination register is 2.473 ns
                Info: 1: + IC(0.000 ns) + CELL(0.854 ns) = 0.854 ns; Loc. = PIN_N20; Fanout = 1; CLK Node = 'Clock'
                Info: 2: + IC(0.343 ns) + CELL(0.000 ns) = 1.197 ns; Loc. = CLKCTRL_G3; Fanout = 4; COMB Node = 'Clock~clkctrl'
                Info: 3: + IC(0.658 ns) + CELL(0.618 ns) = 2.473 ns; Loc. = LCFF_X22_Y20_N5; Fanout = 9; REG Node = '74163:inst|f74163:sub|122'
                Info: Total cell delay = 1.472 ns ( 59.52 % )
                Info: Total interconnect delay = 1.001 ns ( 40.48 % )
            Info: - Longest clock path from clock "Clock" to source register is 2.473 ns
                Info: 1: + IC(0.000 ns) + CELL(0.854 ns) = 0.854 ns; Loc. = PIN_N20; Fanout = 1; CLK Node = 'Clock'
                Info: 2: + IC(0.343 ns) + CELL(0.000 ns) = 1.197 ns; Loc. = CLKCTRL_G3; Fanout = 4; COMB Node = 'Clock~clkctrl'
                Info: 3: + IC(0.658 ns) + CELL(0.618 ns) = 2.473 ns; Loc. = LCFF_X22_Y20_N29; Fanout = 8; REG Node = '74163:inst|f74163:sub|134'
                Info: Total cell delay = 1.472 ns ( 59.52 % )
                Info: Total interconnect delay = 1.001 ns ( 40.48 % )
        Info: + Micro clock to output delay of source is 0.094 ns
        Info: + Micro setup delay of destination is 0.090 ns
Info: tco from clock "Clock" to destination pin "e" through register "74163:inst|f74163:sub|122" is 7.456 ns
    Info: + Longest clock path from clock "Clock" to source register is 2.473 ns
        Info: 1: + IC(0.000 ns) + CELL(0.854 ns) = 0.854 ns; Loc. = PIN_N20; Fanout = 1; CLK Node = 'Clock'
        Info: 2: + IC(0.343 ns) + CELL(0.000 ns) = 1.197 ns; Loc. = CLKCTRL_G3; Fanout = 4; COMB Node = 'Clock~clkctrl'
        Info: 3: + IC(0.658 ns) + CELL(0.618 ns) = 2.473 ns; Loc. = LCFF_X22_Y20_N5; Fanout = 9; REG Node = '74163:inst|f74163:sub|122'
        Info: Total cell delay = 1.472 ns ( 59.52 % )
        Info: Total interconnect delay = 1.001 ns ( 40.48 % )
    Info: + Micro clock to output delay of source is 0.094 ns
    Info: + Longest register to pin delay is 4.889 ns
        Info: 1: + IC(0.000 ns) + CELL(0.000 ns) = 0.000 ns; Loc. = LCFF_X22_Y20_N5; Fanout = 9; REG Node = '74163:inst|f74163:sub|122'
        Info: 2: + IC(0.381 ns) + CELL(0.272 ns) = 0.653 ns; Loc. = LCCOMB_X22_Y20_N20; Fanout = 1; COMB Node = '7447:inst1|85'
        Info: 3: + IC(2.238 ns) + CELL(1.998 ns) = 4.889 ns; Loc. = PIN_Y12; Fanout = 0; PIN Node = 'e'
        Info: Total cell delay = 2.270 ns ( 46.43 % )
        Info: Total interconnect delay = 2.619 ns ( 53.57 % )
Info: Quartus II Classic Timing Analyzer was successful. 0 errors, 1 warning
    Info: Peak virtual memory: 134 megabytes
    Info: Processing ended: Thu Mar 16 11:09:48 2017
    Info: Elapsed time: 00:00:00
    Info: Total CPU time (on all processors): 00:00:00


